Archive member included because of file (symbol)

C:\Program Files (x86)\VEX Robotics\VEXcode V5 Text\sdk/vexv5\libv5rt.a(v5_startup.c.obj)
                              (vexStartup)
C:\Program Files (x86)\VEX Robotics\VEXcode V5 Text\sdk/vexv5\libv5rt.a(v5_util.c.obj)
                              C:\Program Files (x86)\VEX Robotics\VEXcode V5 Text\sdk/vexv5\libv5rt.a(v5_startup.c.obj) (vexStdlibVersionLinked)
C:\Program Files (x86)\VEX Robotics\VEXcode V5 Text\sdk/vexv5\libv5rt.a(v5_apijump.c.obj)
                              C:\Program Files (x86)\VEX Robotics\VEXcode V5 Text\sdk/vexv5\libv5rt.a(v5_startup.c.obj) (vexPrivateApiEnable)
C:\Program Files (x86)\VEX Robotics\VEXcode V5 Text\sdk/vexv5\libv5rt.a(v5_apiversions.c.obj)
                              C:\Program Files (x86)\VEX Robotics\VEXcode V5 Text\sdk/vexv5\libv5rt.a(v5_apijump.c.obj) (vexSystemVersion)
C:\Program Files (x86)\VEX Robotics\VEXcode V5 Text\sdk/vexv5\libv5rt.a(vex_global.cpp.obj)
                              build/src/main.o (vex::wait(double, vex::timeUnits))
C:\Program Files (x86)\VEX Robotics\VEXcode V5 Text\sdk/vexv5\libv5rt.a(vex_vision.cpp.obj)
                              build/src/robot-config.o (vex::vision::~vision())
C:\Program Files (x86)\VEX Robotics\VEXcode V5 Text\sdk/vexv5\libv5rt.a(vex_thread.cpp.obj)
                              C:\Program Files (x86)\VEX Robotics\VEXcode V5 Text\sdk/vexv5\libv5rt.a(vex_global.cpp.obj) (vex::this_thread::sleep_for(unsigned long))
C:\Program Files (x86)\VEX Robotics\VEXcode V5 Text\sdk/vexv5\libv5rt.a(vex_event.cpp.obj)
                              build/src/main.o (vex::event::event())
C:\Program Files (x86)\VEX Robotics\VEXcode V5 Text\sdk/vexv5\libv5rt.a(vex_brain.cpp.obj)
                              build/src/robot-config.o (vex::brain::~brain())
C:\Program Files (x86)\VEX Robotics\VEXcode V5 Text\sdk/vexv5\libv5rt.a(vex_triport.cpp.obj)
                              C:\Program Files (x86)\VEX Robotics\VEXcode V5 Text\sdk/vexv5\libv5rt.a(vex_brain.cpp.obj) (vex::triport::~triport())
C:\Program Files (x86)\VEX Robotics\VEXcode V5 Text\sdk/vexv5\libv5rt.a(vex_color.cpp.obj)
                              C:\Program Files (x86)\VEX Robotics\VEXcode V5 Text\sdk/vexv5\libv5rt.a(vex_brain.cpp.obj) (vex::color::operator unsigned long() const)
C:\Program Files (x86)\VEX Robotics\VEXcode V5 Text\sdk/vexv5\libv5rt.a(vex_timer.cpp.obj)
                              C:\Program Files (x86)\VEX Robotics\VEXcode V5 Text\sdk/vexv5\libv5rt.a(vex_brain.cpp.obj) (vex::timer::~timer())
C:\Program Files (x86)\VEX Robotics\VEXcode V5 Text\sdk/vexv5\libv5rt.a(v5_apiuser.c.obj)
                              C:\Program Files (x86)\VEX Robotics\VEXcode V5 Text\sdk/vexv5\libv5rt.a(vex_triport.cpp.obj) (vexAdiPortConfigSet)
C:\Program Files (x86)\VEX Robotics\VEXcode V5 Text\sdk/vexv5\libv5rt.a(vex_device.cpp.obj)
                              C:\Program Files (x86)\VEX Robotics\VEXcode V5 Text\sdk/vexv5\libv5rt.a(vex_triport.cpp.obj) (vex::device::value())
C:\Program Files (x86)\VEX Robotics\VEXcode V5 Text\sdk/vexv5\libv5rt.a(vex_mevent.cpp.obj)
                              C:\Program Files (x86)\VEX Robotics\VEXcode V5 Text\sdk/vexv5\libv5rt.a(vex_brain.cpp.obj) (vex::mevent::mevent(unsigned long, unsigned long))
C:\Program Files (x86)\VEX Robotics\VEXcode V5 Text\sdk/vexv5/gcc/libs\libc.a(lib_a-fini.o)
                              C:\Program Files (x86)\VEX Robotics\VEXcode V5 Text\sdk/vexv5\libv5rt.a(v5_startup.c.obj) (__libc_fini_array)
C:\Program Files (x86)\VEX Robotics\VEXcode V5 Text\sdk/vexv5/gcc/libs\libc.a(lib_a-impure.o)
                              C:\Program Files (x86)\VEX Robotics\VEXcode V5 Text\sdk/vexv5\libv5rt.a(v5_startup.c.obj) (_impure_ptr)
C:\Program Files (x86)\VEX Robotics\VEXcode V5 Text\sdk/vexv5/gcc/libs\libc.a(lib_a-init.o)
                              C:\Program Files (x86)\VEX Robotics\VEXcode V5 Text\sdk/vexv5\libv5rt.a(v5_startup.c.obj) (__libc_init_array)
C:\Program Files (x86)\VEX Robotics\VEXcode V5 Text\sdk/vexv5/gcc/libs\libc.a(lib_a-tolower.o)
                              C:\Program Files (x86)\VEX Robotics\VEXcode V5 Text\sdk/vexv5\libv5rt.a(vex_brain.cpp.obj) (tolower)
C:\Program Files (x86)\VEX Robotics\VEXcode V5 Text\sdk/vexv5/gcc/libs\libc.a(lib_a-ctype_.o)
                              C:\Program Files (x86)\VEX Robotics\VEXcode V5 Text\sdk/vexv5/gcc/libs\libc.a(lib_a-tolower.o) (__ctype_ptr__)

Allocating common symbols
Common symbol       size              file

__bss_end           0x4               C:\Program Files (x86)\VEX Robotics\VEXcode V5 Text\sdk/vexv5\libv5rt.a(v5_startup.c.obj)
__vex_critical_section
                    0x1               C:\Program Files (x86)\VEX Robotics\VEXcode V5 Text\sdk/vexv5\libv5rt.a(v5_startup.c.obj)
__sbss_start        0x4               C:\Program Files (x86)\VEX Robotics\VEXcode V5 Text\sdk/vexv5\libv5rt.a(v5_startup.c.obj)
[...]
Memory Configuration

Name             Origin             Length             Attributes
ps7_ddr_0_S_AXI_BASEADDR 0x03800000         0x04800000
*default*        0x00000000         0xffffffff

Linker script and memory map

                0x00002000                _STACK_SIZE = DEFINED (_STACK_SIZE)?_STACK_SIZE:0x2000
                0x00100000                _HEAP_SIZE = DEFINED (_HEAP_SIZE)?_HEAP_SIZE:0x100000
                0x00000400                _ABORT_STACK_SIZE = DEFINED (_ABORT_STACK_SIZE)?_ABORT_STACK_SIZE:0x400
                0x00000800                _SUPERVISOR_STACK_SIZE = DEFINED (_SUPERVISOR_STACK_SIZE)?_SUPERVISOR_STACK_SIZE:0x800
                0x00000400                _IRQ_STACK_SIZE = DEFINED (_IRQ_STACK_SIZE)?_IRQ_STACK_SIZE:0x400
                0x00000400                _FIQ_STACK_SIZE = DEFINED (_FIQ_STACK_SIZE)?_FIQ_STACK_SIZE:0x400
                0x00000400                _UNDEF_STACK_SIZE = DEFINED (_UNDEF_STACK_SIZE)?_UNDEF_STACK_SIZE:0x400

.text           0x03800000     0x21a0
 *(.vectors)
 *(.boot_data)
 .boot_data     0x03800000       0x20 C:\Program Files (x86)\VEX Robotics\VEXcode V5 Text\sdk/vexv5\libv5rt.a(v5_startup.c.obj)
                0x03800000                vexCodeSig
                0x00000020                . = 0x20
 *(.boot)
 .boot          0x03800020       0xbc C:\Program Files (x86)\VEX Robotics\VEXcode V5 Text\sdk/vexv5\libv5rt.a(v5_startup.c.obj)
                0x03800020                vexStartup
                0x03800100                . = ALIGN (0x40)
 *fill*         0x038000dc       0x24 
 *(.freertos_vectors)
 *(.text)
 *(.text.*)
 .text._Z17hasPurpleCallbackv
                0x03800100       0xac build/src/main.o
                0x03800100                hasPurpleCallback()
 .text._Z17hasOrangeCallbackv
                0x038001ac       0xac build/src/main.o
                0x038001ac                hasOrangeCallback()
 .text._Z16hasGreenCallbackv
                0x03800258       0xac build/src/main.o
                0x03800258                hasGreenCallback()
 .text.main     0x03800304       0x9c build/src/main.o
                0x03800304                main
 .text._GLOBAL__sub_I_main.cpp
                0x038003a0       0x7c build/src/main.o
 .text._ZN3vex6visionC2IJNS0_9signatureES2_S2_S2_S2_S2_S2_EEElhDpRT_
                0x0380041c       0x64 build/src/robot-config.o
                0x0380041c                vex::vision::vision<vex::vision::signature, vex::vision::signature, vex::vision::signature, vex::vision::signature, vex::vision::signature, vex::vision::signature, vex::vision::signature>(long, unsigned char, vex::vision::signature&, vex::vision::signature&, vex::vision::signature&, vex::vision::signature&, vex::vision::signature&, vex::vision::signature&, vex::vision::signature&)
 .text._Z11vexcodeInitv
                0x03800480        0x4 build/src/robot-config.o
                0x03800480                vexcodeInit()
 .text._ZN3vex6vision7_setsigINS0_9signatureEJS2_S2_S2_S2_EEEvRT_DpRT0_
                0x03800484       0x4c build/src/robot-config.o
                0x03800484                void vex::vision::_setsig<vex::vision::signature, vex::vision::signature, vex::vision::signature, vex::vision::signature, vex::vision::signature>(vex::vision::signature&, vex::vision::signature&, vex::vision::signature&, vex::vision::signature&, vex::vision::signature&)
 .text._GLOBAL__sub_I_robot_config.cpp
                0x038004d0      0x300 build/src/robot-config.o
 .text.vexMain  0x038007d0       0xb0 C:\Program Files (x86)\VEX Robotics\VEXcode V5 Text\sdk/vexv5\libv5rt.a(v5_startup.c.obj)
                0x038007d0                vexMain
 .text.__vex_function_prolog
                0x03800880       0x18 C:\Program Files (x86)\VEX Robotics\VEXcode V5 Text\sdk/vexv5\libv5rt.a(v5_startup.c.obj)
                0x03800880                __vex_function_prolog
 .text._init    0x03800898        0x4 C:\Program Files (x86)\VEX Robotics\VEXcode V5 Text\sdk/vexv5\libv5rt.a(v5_startup.c.obj)
                0x03800898                _init
 .text._fini    0x0380089c        0x4 C:\Program Files (x86)\VEX Robotics\VEXcode V5 Text\sdk/vexv5\libv5rt.a(v5_startup.c.obj)
                0x0380089c                _fini
 .text.vexStdlibVersionLinked
                0x038008a0        0xc C:\Program Files (x86)\VEX Robotics\VEXcode V5 Text\sdk/vexv5\libv5rt.a(v5_util.c.obj)
                0x038008a0                vexStdlibVersionLinked
 .text.vexStdlibVersionVerify
                0x038008ac       0x30 C:\Program Files (x86)\VEX Robotics\VEXcode V5 Text\sdk/vexv5\libv5rt.a(v5_util.c.obj)
                0x038008ac                vexStdlibVersionVerify
 .text.vexPrivateApiEnable
                0x038008dc       0x10 C:\Program Files (x86)\VEX Robotics\VEXcode V5 Text\sdk/vexv5\libv5rt.a(v5_apijump.c.obj)
                0x038008dc                vexPrivateApiEnable
 .text.vexStdlibMismatchError
                0x038008ec       0x3c C:\Program Files (x86)\VEX Robotics\VEXcode V5 Text\sdk/vexv5\libv5rt.a(v5_apijump.c.obj)
                0x038008ec                vexStdlibMismatchError
 .text.vexTaskAdd
                0x03800928       0x10 C:\Program Files (x86)\VEX Robotics\VEXcode V5 Text\sdk/vexv5\libv5rt.a(v5_apijump.c.obj)
                0x03800928                vexTaskAdd
 .text.vexTasksRun
                0x03800938       0x10 C:\Program Files (x86)\VEX Robotics\VEXcode V5 Text\sdk/vexv5\libv5rt.a(v5_apijump.c.obj)
                0x03800938                vexTasksRun
 .text.vexTaskCheckTimeslice
                0x03800948       0x10 C:\Program Files (x86)\VEX Robotics\VEXcode V5 Text\sdk/vexv5\libv5rt.a(v5_apijump.c.obj)
                0x03800948                vexTaskCheckTimeslice
 .text.vexTaskSleep
                0x03800958       0x10 C:\Program Files (x86)\VEX Robotics\VEXcode V5 Text\sdk/vexv5\libv5rt.a(v5_apijump.c.obj)
                0x03800958                vexTaskSleep
 .text.vexTasksDump
                0x03800968       0x1c C:\Program Files (x86)\VEX Robotics\VEXcode V5 Text\sdk/vexv5\libv5rt.a(v5_apijump.c.obj)
                0x03800968                vexTasksDump
 .text.vexTaskGetTaskIndex
                0x03800984       0x10 C:\Program Files (x86)\VEX Robotics\VEXcode V5 Text\sdk/vexv5\libv5rt.a(v5_apijump.c.obj)
                0x03800984                vexTaskGetTaskIndex
 .text.vexTaskStopAll
                0x03800994       0x10 C:\Program Files (x86)\VEX Robotics\VEXcode V5 Text\sdk/vexv5\libv5rt.a(v5_apijump.c.obj)
                0x03800994                vexTaskStopAll
 .text.vexTaskCompletionIdSet
                0x038009a4       0x10 C:\Program Files (x86)\VEX Robotics\VEXcode V5 Text\sdk/vexv5\libv5rt.a(v5_apijump.c.obj)
                0x038009a4                vexTaskCompletionIdSet
 .text.vexEventBroadcastAndWait
                0x038009b4       0x2c C:\Program Files (x86)\VEX Robotics\VEXcode V5 Text\sdk/vexv5\libv5rt.a(v5_apijump.c.obj)
                0x038009b4                vexEventBroadcastAndWait
 .text.vexEventAdd
                0x038009e0       0x34 C:\Program Files (x86)\VEX Robotics\VEXcode V5 Text\sdk/vexv5\libv5rt.a(v5_apijump.c.obj)
                0x038009e0                vexEventAdd
 .text.vexEventUserIndexGet
                0x03800a14       0x1c C:\Program Files (x86)\VEX Robotics\VEXcode V5 Text\sdk/vexv5\libv5rt.a(v5_apijump.c.obj)
                0x03800a14                vexEventUserIndexGet
 .text.vexDebug
                0x03800a30       0x38 C:\Program Files (x86)\VEX Robotics\VEXcode V5 Text\sdk/vexv5\libv5rt.a(v5_apijump.c.obj)
                0x03800a30                vexDebug
 .text.vex_vsnprintf
                0x03800a68       0x3c C:\Program Files (x86)\VEX Robotics\VEXcode V5 Text\sdk/vexv5\libv5rt.a(v5_apijump.c.obj)
                0x03800a68                vex_vsnprintf
 .text.vexSystemTimeGet
                0x03800aa4       0x1c C:\Program Files (x86)\VEX Robotics\VEXcode V5 Text\sdk/vexv5\libv5rt.a(v5_apijump.c.obj)
                0x03800aa4                vexSystemTimeGet
 .text.vexSystemExitRequest
                0x03800ac0       0x1c C:\Program Files (x86)\VEX Robotics\VEXcode V5 Text\sdk/vexv5\libv5rt.a(v5_apijump.c.obj)
                0x03800ac0                vexSystemExitRequest
 .text.vexDeviceGetByIndex
                0x03800adc       0x24 C:\Program Files (x86)\VEX Robotics\VEXcode V5 Text\sdk/vexv5\libv5rt.a(v5_apijump.c.obj)
                0x03800adc                vexDeviceGetByIndex
 .text.vexDeviceAdiPortConfigSet
                0x03800b00       0x34 C:\Program Files (x86)\VEX Robotics\VEXcode V5 Text\sdk/vexv5\libv5rt.a(v5_apijump.c.obj)
                0x03800b00                vexDeviceAdiPortConfigSet
 .text.vexDeviceVisionModeSet
                0x03800b34       0x2c C:\Program Files (x86)\VEX Robotics\VEXcode V5 Text\sdk/vexv5\libv5rt.a(v5_apijump.c.obj)
                0x03800b34                vexDeviceVisionModeSet
 .text.vexDeviceVisionObjectCountGet
                0x03800b60       0x24 C:\Program Files (x86)\VEX Robotics\VEXcode V5 Text\sdk/vexv5\libv5rt.a(v5_apijump.c.obj)
                0x03800b60                vexDeviceVisionObjectCountGet
 .text.vexDeviceVisionObjectGet
                0x03800b84       0x34 C:\Program Files (x86)\VEX Robotics\VEXcode V5 Text\sdk/vexv5\libv5rt.a(v5_apijump.c.obj)
                0x03800b84                vexDeviceVisionObjectGet
 .text.vexDeviceVisionSignatureSet
                0x03800bb8       0x2c C:\Program Files (x86)\VEX Robotics\VEXcode V5 Text\sdk/vexv5\libv5rt.a(v5_apijump.c.obj)
                0x03800bb8                vexDeviceVisionSignatureSet
 .text.vexDeviceVisionBrightnessSet
                0x03800be4       0x2c C:\Program Files (x86)\VEX Robotics\VEXcode V5 Text\sdk/vexv5\libv5rt.a(v5_apijump.c.obj)
                0x03800be4                vexDeviceVisionBrightnessSet
 .text.vexDeviceVisionLedModeSet
                0x03800c10       0x2c C:\Program Files (x86)\VEX Robotics\VEXcode V5 Text\sdk/vexv5\libv5rt.a(v5_apijump.c.obj)
                0x03800c10                vexDeviceVisionLedModeSet
 .text.vexDeviceVisionLedColorSet
                0x03800c3c       0x30 C:\Program Files (x86)\VEX Robotics\VEXcode V5 Text\sdk/vexv5\libv5rt.a(v5_apijump.c.obj)
                0x03800c3c                vexDeviceVisionLedColorSet
 .text.vexDisplayForegroundColor
                0x03800c6c       0x24 C:\Program Files (x86)\VEX Robotics\VEXcode V5 Text\sdk/vexv5\libv5rt.a(v5_apijump.c.obj)
                0x03800c6c                vexDisplayForegroundColor
 .text.vexDisplayBackgroundColor
                0x03800c90       0x24 C:\Program Files (x86)\VEX Robotics\VEXcode V5 Text\sdk/vexv5\libv5rt.a(v5_apijump.c.obj)
                0x03800c90                vexDisplayBackgroundColor
 .text.vexDisplayRectClear
                0x03800cb4       0x4c C:\Program Files (x86)\VEX Robotics\VEXcode V5 Text\sdk/vexv5\libv5rt.a(v5_apijump.c.obj)
                0x03800cb4                vexDisplayRectClear
 .text.vexDisplayPrintf
                0x03800d00       0x68 C:\Program Files (x86)\VEX Robotics\VEXcode V5 Text\sdk/vexv5\libv5rt.a(v5_apijump.c.obj)
                0x03800d00                vexDisplayPrintf
 .text.vexDisplayTextReference
                0x03800d68       0x24 C:\Program Files (x86)\VEX Robotics\VEXcode V5 Text\sdk/vexv5\libv5rt.a(v5_apijump.c.obj)
                0x03800d68                vexDisplayTextReference
 .text.vexDisplayTextSize
                0x03800d8c       0x2c C:\Program Files (x86)\VEX Robotics\VEXcode V5 Text\sdk/vexv5\libv5rt.a(v5_apijump.c.obj)
                0x03800d8c                vexDisplayTextSize
 .text.vexDisplayFontNamedSet
                0x03800db8       0x24 C:\Program Files (x86)\VEX Robotics\VEXcode V5 Text\sdk/vexv5\libv5rt.a(v5_apijump.c.obj)
                0x03800db8                vexDisplayFontNamedSet
 .text.vexDisplayStringWidthGet
                0x03800ddc       0x24 C:\Program Files (x86)\VEX Robotics\VEXcode V5 Text\sdk/vexv5\libv5rt.a(v5_apijump.c.obj)
                0x03800ddc                vexDisplayStringWidthGet
 .text.vexSystemStdlibImpureDataAddr
                0x03800e00       0x28 C:\Program Files (x86)\VEX Robotics\VEXcode V5 Text\sdk/vexv5\libv5rt.a(v5_apijump.c.obj)
                0x03800e00                vexSystemStdlibImpureDataAddr
 .text.vexSystemStdlibImpureDataSize
                0x03800e28       0x28 C:\Program Files (x86)\VEX Robotics\VEXcode V5 Text\sdk/vexv5\libv5rt.a(v5_apijump.c.obj)
                0x03800e28                vexSystemStdlibImpureDataSize
 .text.vexSystemSaveUserData
                0x03800e50       0x3c C:\Program Files (x86)\VEX Robotics\VEXcode V5 Text\sdk/vexv5\libv5rt.a(v5_apijump.c.obj)
                0x03800e50                vexSystemSaveUserData
 .text.vexDisplayThemeIdGet
                0x03800e8c       0x38 C:\Program Files (x86)\VEX Robotics\VEXcode V5 Text\sdk/vexv5\libv5rt.a(v5_apijump.c.obj)
                0x03800e8c                vexDisplayThemeIdGet
 .text.vexDeviceEventMaskSet
                0x03800ec4       0x48 C:\Program Files (x86)\VEX Robotics\VEXcode V5 Text\sdk/vexv5\libv5rt.a(v5_apijump.c.obj)
                0x03800ec4                vexDeviceEventMaskSet
 .text.vexDeviceEventMaskGet
                0x03800f0c       0x3c C:\Program Files (x86)\VEX Robotics\VEXcode V5 Text\sdk/vexv5\libv5rt.a(v5_apijump.c.obj)
                0x03800f0c                vexDeviceEventMaskGet
 .text.vexSystemVersion
                0x03800f48       0x10 C:\Program Files (x86)\VEX Robotics\VEXcode V5 Text\sdk/vexv5\libv5rt.a(v5_apiversions.c.obj)
                0x03800f48                vexSystemVersion
 .text.vexStdlibVersion
                0x03800f58       0x10 C:\Program Files (x86)\VEX Robotics\VEXcode V5 Text\sdk/vexv5\libv5rt.a(v5_apiversions.c.obj)
                0x03800f58                vexStdlibVersion
 .text._ZN3vex4waitEdNS_9timeUnitsE
                0x03800f68       0x30 C:\Program Files (x86)\VEX Robotics\VEXcode V5 Text\sdk/vexv5\libv5rt.a(vex_global.cpp.obj)
                0x03800f68                vex::wait(double, vex::timeUnits)
 .text._ZN3vex6vision9installedEv
                0x03800f98       0x18 C:\Program Files (x86)\VEX Robotics\VEXcode V5 Text\sdk/vexv5\libv5rt.a(vex_vision.cpp.obj)
                0x03800f98                vex::vision::installed()
 .text._ZN3vex6visionD2Ev
                0x03800fb0       0x38 C:\Program Files (x86)\VEX Robotics\VEXcode V5 Text\sdk/vexv5\libv5rt.a(vex_vision.cpp.obj)
                0x03800fb0                vex::vision::~vision()
                0x03800fb0                vex::vision::~vision()
 .text._ZN3vex6vision12setSignatureERNS0_9signatureE
                0x03800fe8       0x70 C:\Program Files (x86)\VEX Robotics\VEXcode V5 Text\sdk/vexv5\libv5rt.a(vex_vision.cpp.obj)
                0x03800fe8                vex::vision::setSignature(vex::vision::signature&)
 .text._ZN3vex6vision7setModeENS0_13detectionModeE
                0x03801058       0x18 C:\Program Files (x86)\VEX Robotics\VEXcode V5 Text\sdk/vexv5\libv5rt.a(vex_vision.cpp.obj)
                0x03801058                vex::vision::setMode(vex::vision::detectionMode)
 .text._ZN3vex6vision13setBrightnessEh
                0x03801070       0x30 C:\Program Files (x86)\VEX Robotics\VEXcode V5 Text\sdk/vexv5\libv5rt.a(vex_vision.cpp.obj)
                0x03801070                vex::vision::setBrightness(unsigned char)
 .text._ZN3vex6vision10setLedModeENS0_7ledModeE
                0x038010a0       0x18 C:\Program Files (x86)\VEX Robotics\VEXcode V5 Text\sdk/vexv5\libv5rt.a(vex_vision.cpp.obj)
                0x038010a0                vex::vision::setLedMode(vex::vision::ledMode)
 .text._ZN3vex6vision11setLedColorEhhh
                0x038010b8       0x30 C:\Program Files (x86)\VEX Robotics\VEXcode V5 Text\sdk/vexv5\libv5rt.a(vex_vision.cpp.obj)
                0x038010b8                vex::vision::setLedColor(unsigned char, unsigned char, unsigned char)
 .text._ZN3vex6vision9signatureD2Ev
                0x038010e8        0x4 C:\Program Files (x86)\VEX Robotics\VEXcode V5 Text\sdk/vexv5\libv5rt.a(vex_vision.cpp.obj)
                0x038010e8                vex::vision::signature::~signature()
                0x038010e8                vex::vision::signature::~signature()
 .text._ZN3vex6vision9signature5clearEv
                0x038010ec       0x38 C:\Program Files (x86)\VEX Robotics\VEXcode V5 Text\sdk/vexv5\libv5rt.a(vex_vision.cpp.obj)
                0x038010ec                vex::vision::signature::clear()
 .text._ZN3vex6vision9signatureC2Ev
                0x03801124       0x60 C:\Program Files (x86)\VEX Robotics\VEXcode V5 Text\sdk/vexv5\libv5rt.a(vex_vision.cpp.obj)
                0x03801124                vex::vision::signature::signature()
                0x03801124                vex::vision::signature::signature()
 .text._ZN3vex6vision9signatureC2Elllllllfl
                0x03801184       0x5c C:\Program Files (x86)\VEX Robotics\VEXcode V5 Text\sdk/vexv5\libv5rt.a(vex_vision.cpp.obj)
                0x03801184                vex::vision::signature::signature(long, long, long, long, long, long, long, float, long)
                0x03801184                vex::vision::signature::signature(long, long, long, long, long, long, long, float, long)
 .text._ZN3vex6vision6object3setE22_V5_DeviceVisionObject
                0x038011e0       0x78 C:\Program Files (x86)\VEX Robotics\VEXcode V5 Text\sdk/vexv5\libv5rt.a(vex_vision.cpp.obj)
                0x038011e0                vex::vision::object::set(_V5_DeviceVisionObject)
 .text._ZN3vex6vision6object5clearEv
                0x03801258       0x38 C:\Program Files (x86)\VEX Robotics\VEXcode V5 Text\sdk/vexv5\libv5rt.a(vex_vision.cpp.obj)
                0x03801258                vex::vision::object::clear()
 .text._ZN3vex6vision6objectC2Ev
                0x03801290       0x58 C:\Program Files (x86)\VEX Robotics\VEXcode V5 Text\sdk/vexv5\libv5rt.a(vex_vision.cpp.obj)
                0x03801290                vex::vision::object::object()
                0x03801290                vex::vision::object::object()
 .text._ZN3vex6vision13_clearObjectsEv
                0x038012e8       0x40 C:\Program Files (x86)\VEX Robotics\VEXcode V5 Text\sdk/vexv5\libv5rt.a(vex_vision.cpp.obj)
                0x038012e8                vex::vision::_clearObjects()
 .text._ZN3vex6vision6objectaSERKS1_
                0x03801328       0x74 C:\Program Files (x86)\VEX Robotics\VEXcode V5 Text\sdk/vexv5\libv5rt.a(vex_vision.cpp.obj)
                0x03801328                vex::vision::object::operator=(vex::vision::object const&)
 .text._ZN3vex6vision12takeSnapshotEmm
                0x0380139c       0xf4 C:\Program Files (x86)\VEX Robotics\VEXcode V5 Text\sdk/vexv5\libv5rt.a(vex_vision.cpp.obj)
                0x0380139c                vex::vision::takeSnapshot(unsigned long, unsigned long)
 .text._ZN3vex6vision12takeSnapshotEm
                0x03801490        0x8 C:\Program Files (x86)\VEX Robotics\VEXcode V5 Text\sdk/vexv5\libv5rt.a(vex_vision.cpp.obj)
                0x03801490                vex::vision::takeSnapshot(unsigned long)
 .text._ZN3vex6vision5valueEv
                0x03801498        0x8 C:\Program Files (x86)\VEX Robotics\VEXcode V5 Text\sdk/vexv5\libv5rt.a(vex_vision.cpp.obj)
                0x03801498                vex::vision::value()
 .text._ZN3vex6vision12takeSnapshotERNS0_9signatureE
                0x038014a0       0x10 C:\Program Files (x86)\VEX Robotics\VEXcode V5 Text\sdk/vexv5\libv5rt.a(vex_vision.cpp.obj)
                0x038014a0                vex::vision::takeSnapshot(vex::vision::signature&)
 .text._ZN3vex6vision6objectaSEl
                0x038014b0       0x38 C:\Program Files (x86)\VEX Robotics\VEXcode V5 Text\sdk/vexv5\libv5rt.a(vex_vision.cpp.obj)
                0x038014b0                vex::vision::object::operator=(long)
 .text._ZN3vex6visionC2El
                0x038014e8       0xa4 C:\Program Files (x86)\VEX Robotics\VEXcode V5 Text\sdk/vexv5\libv5rt.a(vex_vision.cpp.obj)
                0x038014e8                vex::vision::vision(long)
                0x038014e8                vex::vision::vision(long)
 .text._ZN3vex11this_thread9sleep_forEm
                0x0380158c        0x4 C:\Program Files (x86)\VEX Robotics\VEXcode V5 Text\sdk/vexv5\libv5rt.a(vex_thread.cpp.obj)
                0x0380158c                vex::this_thread::sleep_for(unsigned long)
 .text._ZN3vex5eventC2Ev
                0x03801590        0xc C:\Program Files (x86)\VEX Robotics\VEXcode V5 Text\sdk/vexv5\libv5rt.a(vex_event.cpp.obj)
                0x03801590                vex::event::event()
                0x03801590                vex::event::event()
 .text._ZN3vex5eventD2Ev
                0x0380159c        0x4 C:\Program Files (x86)\VEX Robotics\VEXcode V5 Text\sdk/vexv5\libv5rt.a(vex_event.cpp.obj)
                0x0380159c                vex::event::~event()
                0x0380159c                vex::event::~event()
 .text._ZN3vex5event3setEPFvvE
                0x038015a0       0x54 C:\Program Files (x86)\VEX Robotics\VEXcode V5 Text\sdk/vexv5\libv5rt.a(vex_event.cpp.obj)
                0x038015a0                vex::event::set(void (*)())
 .text._ZN3vex5eventclEPFvvE
                0x038015f4        0x4 C:\Program Files (x86)\VEX Robotics\VEXcode V5 Text\sdk/vexv5\libv5rt.a(vex_event.cpp.obj)
                0x038015f4                vex::event::operator()(void (*)())
 .text._ZN3vex5event4initEmmPFvvE
                0x038015f8        0x4 C:\Program Files (x86)\VEX Robotics\VEXcode V5 Text\sdk/vexv5\libv5rt.a(vex_event.cpp.obj)
                0x038015f8                vex::event::init(unsigned long, unsigned long, void (*)())
 .text._ZN3vex5event9userindexEv
                0x038015fc        0x4 C:\Program Files (x86)\VEX Robotics\VEXcode V5 Text\sdk/vexv5\libv5rt.a(vex_event.cpp.obj)
                0x038015fc                vex::event::userindex()
 .text._ZN3vex5event16broadcastAndWaitEl
                0x03801600       0x10 C:\Program Files (x86)\VEX Robotics\VEXcode V5 Text\sdk/vexv5\libv5rt.a(vex_event.cpp.obj)
                0x03801600                vex::event::broadcastAndWait(long)
 .text._ZN3vex5brainD2Ev
                0x03801610       0x20 C:\Program Files (x86)\VEX Robotics\VEXcode V5 Text\sdk/vexv5\libv5rt.a(vex_brain.cpp.obj)
                0x03801610                vex::brain::~brain()
                0x03801610                vex::brain::~brain()
 .text._ZN3vex5brain9_getIndexEv
                0x03801630       0x10 C:\Program Files (x86)\VEX Robotics\VEXcode V5 Text\sdk/vexv5\libv5rt.a(vex_brain.cpp.obj)
                0x03801630                vex::brain::_getIndex()
 .text._ZN3vex5brain3lcd9setCursorEll
                0x03801640       0x44 C:\Program Files (x86)\VEX Robotics\VEXcode V5 Text\sdk/vexv5\libv5rt.a(vex_brain.cpp.obj)
                0x03801640                vex::brain::lcd::setCursor(long, long)
 .text._ZN3vex5brain3lcd3rowEv
                0x03801684        0x8 C:\Program Files (x86)\VEX Robotics\VEXcode V5 Text\sdk/vexv5\libv5rt.a(vex_brain.cpp.obj)
                0x03801684                vex::brain::lcd::row()
 .text._ZN3vex5brain3lcd7setFontENS_8fontTypeE
                0x0380168c      0x23c C:\Program Files (x86)\VEX Robotics\VEXcode V5 Text\sdk/vexv5\libv5rt.a(vex_brain.cpp.obj)
                0x0380168c                vex::brain::lcd::setFont(vex::fontType)
 .text._ZN3vex5brain3lcdC2Ev
                0x038018c8       0x94 C:\Program Files (x86)\VEX Robotics\VEXcode V5 Text\sdk/vexv5\libv5rt.a(vex_brain.cpp.obj)
                0x038018c8                vex::brain::lcd::lcd()
                0x038018c8                vex::brain::lcd::lcd()
 .text._ZN3vex5brainC2Ev
                0x0380195c       0x38 C:\Program Files (x86)\VEX Robotics\VEXcode V5 Text\sdk/vexv5\libv5rt.a(vex_brain.cpp.obj)
                0x0380195c                vex::brain::brain()
                0x0380195c                vex::brain::brain()
 .text._ZN3vex5brain3lcd10rowToPixelEl
                0x03801994       0x34 C:\Program Files (x86)\VEX Robotics\VEXcode V5 Text\sdk/vexv5\libv5rt.a(vex_brain.cpp.obj)
                0x03801994                vex::brain::lcd::rowToPixel(long)
 .text._ZN3vex5brain3lcd10_clearLineEim
                0x038019c8       0x68 C:\Program Files (x86)\VEX Robotics\VEXcode V5 Text\sdk/vexv5\libv5rt.a(vex_brain.cpp.obj)
                0x038019c8                vex::brain::lcd::_clearLine(int, unsigned long)
 .text._ZN3vex5brain3lcd9clearLineEiRKNS_5colorE
                0x03801a30       0x28 C:\Program Files (x86)\VEX Robotics\VEXcode V5 Text\sdk/vexv5\libv5rt.a(vex_brain.cpp.obj)
                0x03801a30                vex::brain::lcd::clearLine(int, vex::color const&)
 .text._ZN3vex5brain3lcd10colToPixelEl
                0x03801a58       0x1c C:\Program Files (x86)\VEX Robotics\VEXcode V5 Text\sdk/vexv5\libv5rt.a(vex_brain.cpp.obj)
                0x03801a58                vex::brain::lcd::colToPixel(long)
 .text._ZN3vex5brain3lcd5printEPKcz
                0x03801a74       0xa0 C:\Program Files (x86)\VEX Robotics\VEXcode V5 Text\sdk/vexv5\libv5rt.a(vex_brain.cpp.obj)
                0x03801a74                vex::brain::lcd::print(char const*, ...)
 .text._ZN3vex7triport9installedEv
                0x03801b14       0x18 C:\Program Files (x86)\VEX Robotics\VEXcode V5 Text\sdk/vexv5\libv5rt.a(vex_triport.cpp.obj)
                0x03801b14                vex::triport::installed()
 .text._ZN3vex7triportD2Ev
                0x03801b2c       0x38 C:\Program Files (x86)\VEX Robotics\VEXcode V5 Text\sdk/vexv5\libv5rt.a(vex_triport.cpp.obj)
                0x03801b2c                vex::triport::~triport()
                0x03801b2c                vex::triport::~triport()
 .text._ZN3vex7triport4portC2ElPS0_
                0x03801b64       0x90 C:\Program Files (x86)\VEX Robotics\VEXcode V5 Text\sdk/vexv5\libv5rt.a(vex_triport.cpp.obj)
                0x03801b64                vex::triport::port::port(long, vex::triport*)
                0x03801b64                vex::triport::port::port(long, vex::triport*)
 .text._ZN3vex7triportC2El
                0x03801bf4       0xf0 C:\Program Files (x86)\VEX Robotics\VEXcode V5 Text\sdk/vexv5\libv5rt.a(vex_triport.cpp.obj)
                0x03801bf4                vex::triport::triport(long)
                0x03801bf4                vex::triport::triport(long)
 .text.startup._GLOBAL__sub_I__ZN3vex7triportC2El
                0x03801ce4       0x30 C:\Program Files (x86)\VEX Robotics\VEXcode V5 Text\sdk/vexv5\libv5rt.a(vex_triport.cpp.obj)
 .text._ZN3vex5colorD2Ev
                0x03801d14        0x4 C:\Program Files (x86)\VEX Robotics\VEXcode V5 Text\sdk/vexv5\libv5rt.a(vex_color.cpp.obj)
                0x03801d14                vex::color::~color()
                0x03801d14                vex::color::~color()
 .text._ZNK3vex5colorcvmEv
                0x03801d18        0x8 C:\Program Files (x86)\VEX Robotics\VEXcode V5 Text\sdk/vexv5\libv5rt.a(vex_color.cpp.obj)
                0x03801d18                vex::color::operator unsigned long() const
 .text.startup._GLOBAL__sub_I__ZN3vex5color5blackE
                0x03801d20      0x164 C:\Program Files (x86)\VEX Robotics\VEXcode V5 Text\sdk/vexv5\libv5rt.a(vex_color.cpp.obj)
 .text._ZN3vex5timerD2Ev
                0x03801e84        0x4 C:\Program Files (x86)\VEX Robotics\VEXcode V5 Text\sdk/vexv5\libv5rt.a(vex_timer.cpp.obj)
                0x03801e84                vex::timer::~timer()
                0x03801e84                vex::timer::~timer()
 .text._ZN3vex5timer5clearEv
                0x03801e88       0x1c C:\Program Files (x86)\VEX Robotics\VEXcode V5 Text\sdk/vexv5\libv5rt.a(vex_timer.cpp.obj)
                0x03801e88                vex::timer::clear()
 .text._ZN3vex5timerC2Ev
                0x03801ea4       0x14 C:\Program Files (x86)\VEX Robotics\VEXcode V5 Text\sdk/vexv5\libv5rt.a(vex_timer.cpp.obj)
                0x03801ea4                vex::timer::timer()
                0x03801ea4                vex::timer::timer()
 .text.vexAdiPortConfigSet
                0x03801eb8       0x28 C:\Program Files (x86)\VEX Robotics\VEXcode V5 Text\sdk/vexv5\libv5rt.a(v5_apiuser.c.obj)
                0x03801eb8                vexAdiPortConfigSet
 .text.vexVisionModeSet
                0x03801ee0       0x20 C:\Program Files (x86)\VEX Robotics\VEXcode V5 Text\sdk/vexv5\libv5rt.a(v5_apiuser.c.obj)
                0x03801ee0                vexVisionModeSet
 .text.vexVisionObjectCountGet
                0x03801f00       0x18 C:\Program Files (x86)\VEX Robotics\VEXcode V5 Text\sdk/vexv5\libv5rt.a(v5_apiuser.c.obj)
                0x03801f00                vexVisionObjectCountGet
 .text.vexVisionObjectGet
                0x03801f18       0x28 C:\Program Files (x86)\VEX Robotics\VEXcode V5 Text\sdk/vexv5\libv5rt.a(v5_apiuser.c.obj)
                0x03801f18                vexVisionObjectGet
 .text.vexVisionSignatureSet
                0x03801f40       0x20 C:\Program Files (x86)\VEX Robotics\VEXcode V5 Text\sdk/vexv5\libv5rt.a(v5_apiuser.c.obj)
                0x03801f40                vexVisionSignatureSet
 .text.vexVisionBrightnessSet
                0x03801f60       0x20 C:\Program Files (x86)\VEX Robotics\VEXcode V5 Text\sdk/vexv5\libv5rt.a(v5_apiuser.c.obj)
                0x03801f60                vexVisionBrightnessSet
 .text.vexVisionLedModeSet
                0x03801f80       0x20 C:\Program Files (x86)\VEX Robotics\VEXcode V5 Text\sdk/vexv5\libv5rt.a(v5_apiuser.c.obj)
                0x03801f80                vexVisionLedModeSet
 .text.vexVisionLedColorSet
                0x03801fa0       0x2c C:\Program Files (x86)\VEX Robotics\VEXcode V5 Text\sdk/vexv5\libv5rt.a(v5_apiuser.c.obj)
                0x03801fa0                vexVisionLedColorSet
 .text.vexEventMaskSet
                0x03801fcc       0x28 C:\Program Files (x86)\VEX Robotics\VEXcode V5 Text\sdk/vexv5\libv5rt.a(v5_apiuser.c.obj)
                0x03801fcc                vexEventMaskSet
 .text.vexEventMaskGet
                0x03801ff4       0x18 C:\Program Files (x86)\VEX Robotics\VEXcode V5 Text\sdk/vexv5\libv5rt.a(v5_apiuser.c.obj)
                0x03801ff4                vexEventMaskGet
 .text._ZN3vex6device5valueEv
                0x0380200c        0x8 C:\Program Files (x86)\VEX Robotics\VEXcode V5 Text\sdk/vexv5\libv5rt.a(vex_device.cpp.obj)
                0x0380200c                vex::device::value()
 .text._ZN3vex6deviceD2Ev
                0x03802014        0x4 C:\Program Files (x86)\VEX Robotics\VEXcode V5 Text\sdk/vexv5\libv5rt.a(vex_device.cpp.obj)
                0x03802014                vex::device::~device()
                0x03802014                vex::device::~device()
 .text._ZN3vex6device4initEl
                0x03802018       0x30 C:\Program Files (x86)\VEX Robotics\VEXcode V5 Text\sdk/vexv5\libv5rt.a(vex_device.cpp.obj)
                0x03802018                vex::device::init(long)
 .text._ZN3vex6deviceC2El
                0x03802048       0x20 C:\Program Files (x86)\VEX Robotics\VEXcode V5 Text\sdk/vexv5\libv5rt.a(vex_device.cpp.obj)
                0x03802048                vex::device::device(long)
                0x03802048                vex::device::device(long)
 .text._ZN3vex6device4typeEv
                0x03802068       0x10 C:\Program Files (x86)\VEX Robotics\VEXcode V5 Text\sdk/vexv5\libv5rt.a(vex_device.cpp.obj)
                0x03802068                vex::device::type()
 .text._ZN3vex6device9installedEv
                0x03802078       0x14 C:\Program Files (x86)\VEX Robotics\VEXcode V5 Text\sdk/vexv5\libv5rt.a(vex_device.cpp.obj)
                0x03802078                vex::device::installed()
 .text._ZZN3vex6meventC4EmmENUlvE_4_FUNEv
                0x0380208c        0x4 C:\Program Files (x86)\VEX Robotics\VEXcode V5 Text\sdk/vexv5\libv5rt.a(vex_mevent.cpp.obj)
 .text._ZN3vex6meventC2Emm
                0x03802090       0x70 C:\Program Files (x86)\VEX Robotics\VEXcode V5 Text\sdk/vexv5\libv5rt.a(vex_mevent.cpp.obj)
                0x03802090                vex::mevent::mevent(unsigned long, unsigned long)
                0x03802090                vex::mevent::mevent(unsigned long, unsigned long)
 .text.__libc_fini_array
                0x03802100       0x30 C:\Program Files (x86)\VEX Robotics\VEXcode V5 Text\sdk/vexv5/gcc/libs\libc.a(lib_a-fini.o)
                0x03802100                __libc_fini_array
 .text.__libc_init_array
                0x03802130       0x58 C:\Program Files (x86)\VEX Robotics\VEXcode V5 Text\sdk/vexv5/gcc/libs\libc.a(lib_a-init.o)
                0x03802130                __libc_init_array
 .text.__libc_init_array.__stub
                0x03802188       0x18 linker stubs
 *(.gnu.linkonce.t.*)
 *(.plt)
 *(.gnu_warning)
 *(.gcc_except_table)
 *(.glue_7)
 .glue_7        0x00000000        0x0 linker stubs
 *(.glue_7t)
 .glue_7t       0x00000000        0x0 linker stubs
 *(.vfp11_veneer)
 .vfp11_veneer  0x00000000        0x0 linker stubs
 *(.ARM.extab)
 *(.gnu.linkonce.armextab.*)

.v4_bx          0x038021a0        0x0
 .v4_bx         0x00000000        0x0 linker stubs

.iplt           0x038021a0        0x0
 .iplt          0x00000000        0x0 build/src/main.o

.init
 *(.init)

.fini
 *(.fini)

.rodata         0x038021a0      0x104
                0x038021a0                __rodata_start = .
 *(.rodata)
 *(.rodata.*)
 .rodata.str1.1
                0x038021a0       0x61 build/src/main.o
 .rodata.str1.1
                0x03802201       0x2e C:\Program Files (x86)\VEX Robotics\VEXcode V5 Text\sdk/vexv5\libv5rt.a(v5_startup.c.obj)
 *fill*         0x0380222f        0x1 
 .rodata._ZN3vex6PORT10E
                0x03802230        0x4 C:\Program Files (x86)\VEX Robotics\VEXcode V5 Text\sdk/vexv5\libv5rt.a(vex_global.cpp.obj)
                0x03802230                vex::PORT10
 .rodata._ZN3vex5blackE
                0x03802234        0x4 C:\Program Files (x86)\VEX Robotics\VEXcode V5 Text\sdk/vexv5\libv5rt.a(vex_global.cpp.obj)
                0x03802234                vex::black
 .rodata._ZN3vex6PORT22E
                0x03802238        0x4 C:\Program Files (x86)\VEX Robotics\VEXcode V5 Text\sdk/vexv5\libv5rt.a(vex_global.cpp.obj)
                0x03802238                vex::PORT22
 *fill*         0x0380223c        0x4 
 .rodata._ZTVN3vex6visionE
                0x03802240       0x10 C:\Program Files (x86)\VEX Robotics\VEXcode V5 Text\sdk/vexv5\libv5rt.a(vex_vision.cpp.obj)
                0x03802240                vtable for vex::vision
 .rodata.str1.1
                0x03802250       0x2b C:\Program Files (x86)\VEX Robotics\VEXcode V5 Text\sdk/vexv5\libv5rt.a(vex_brain.cpp.obj)
 *fill*         0x0380227b        0x5 
 .rodata._ZTVN3vex7triportE
                0x03802280       0x10 C:\Program Files (x86)\VEX Robotics\VEXcode V5 Text\sdk/vexv5\libv5rt.a(vex_triport.cpp.obj)
                0x03802280                vtable for vex::triport
 .rodata._ZTVN3vex6deviceE
                0x03802290       0x10 C:\Program Files (x86)\VEX Robotics\VEXcode V5 Text\sdk/vexv5\libv5rt.a(vex_device.cpp.obj)
                0x03802290                vtable for vex::device
 .rodata.str1.4
                0x038022a0        0x4 C:\Program Files (x86)\VEX Robotics\VEXcode V5 Text\sdk/vexv5/gcc/libs\libc.a(lib_a-impure.o)
                                  0x2 (size before relaxing)
 *(.gnu.linkonce.r.*)
                0x038022a4                __rodata_end = .

.rodata1        0x038022a4        0x0
                0x038022a4                __rodata1_start = .
 *(.rodata1)
 *(.rodata1.*)
                0x038022a4                __rodata1_end = .

.sdata2         0x038022a4        0x0
                0x038022a4                __sdata2_start = .
 *(.sdata2)
 *(.sdata2.*)
 *(.gnu.linkonce.s2.*)
                0x038022a4                __sdata2_end = .

.sbss2          0x038022a4        0x0
                0x038022a4                __sbss2_start = .
 *(.sbss2)
 *(.sbss2.*)
 *(.gnu.linkonce.sb2.*)
                0x038022a4                __sbss2_end = .

.data           0x038022a8      0x43c
                0x038022a8                __data_start = .
 *(.data)
 *(.data.*)
 .data.appRunning
                0x038022a8        0x4 C:\Program Files (x86)\VEX Robotics\VEXcode V5 Text\sdk/vexv5\libv5rt.a(v5_startup.c.obj)
                0x038022a8                appRunning
 .data.__yoff   0x038022ac        0x4 C:\Program Files (x86)\VEX Robotics\VEXcode V5 Text\sdk/vexv5\libv5rt.a(v5_apijump.c.obj)
 .data._ZN3vex6mono40E
                0x038022b0        0x4 C:\Program Files (x86)\VEX Robotics\VEXcode V5 Text\sdk/vexv5\libv5rt.a(vex_global.cpp.obj)
                0x038022b0                vex::mono40
 .data._ZN3vex5event12_usereventidE
                0x038022b4        0x4 C:\Program Files (x86)\VEX Robotics\VEXcode V5 Text\sdk/vexv5\libv5rt.a(vex_event.cpp.obj)
                0x038022b4                vex::event::_usereventid
 .data.impure_data
                0x038022b8      0x428 C:\Program Files (x86)\VEX Robotics\VEXcode V5 Text\sdk/vexv5/gcc/libs\libc.a(lib_a-impure.o)
 .data._impure_ptr
                0x038026e0        0x4 C:\Program Files (x86)\VEX Robotics\VEXcode V5 Text\sdk/vexv5/gcc/libs\libc.a(lib_a-impure.o)
                0x038026e0                _impure_ptr
 *(.gnu.linkonce.d.*)
 *(.jcr)
 *(.got)
 *(.got.plt)
                0x038026e4                __data_end = .

.igot.plt       0x038026e4        0x0
 .igot.plt      0x00000000        0x0 build/src/main.o

.data1          0x038026e4        0x0
                0x038026e4                __data1_start = .
 *(.data1)
 *(.data1.*)
                0x038026e4                __data1_end = .

.got
 *(.got)

.ctors          0x038026e4        0x0
                0x038026e4                __CTOR_LIST__ = .
                0x038026e4                ___CTORS_LIST___ = .
 *crtbegin.o(.ctors)
 *(EXCLUDE_FILE(*crtend.o) .ctors)
 *(SORT(.ctors.*))
 *(.ctors)
                0x038026e4                __CTOR_END__ = .
                0x038026e4                ___CTORS_END___ = .

.dtors          0x038026e4        0x0
                0x038026e4                __DTOR_LIST__ = .
                0x038026e4                ___DTORS_LIST___ = .
 *crtbegin.o(.dtors)
 *(EXCLUDE_FILE(*crtend.o) .dtors)
 *(SORT(.dtors.*))
 *(.dtors)
                0x038026e4                __DTOR_END__ = .
                0x038026e4                ___DTORS_END___ = .

.fixup          0x038026e4        0x0
                0x038026e4                __fixup_start = .
 *(.fixup)
                0x038026e4                __fixup_end = .

.eh_frame
 *(.eh_frame)

.eh_framehdr    0x038026e4        0x0
                0x038026e4                __eh_framehdr_start = .
 *(.eh_framehdr)
                0x038026e4                __eh_framehdr_end = .

.gcc_except_table
 *(.gcc_except_table)

.mmu_tbl        0x03804000        0x0
                0x03804000                __mmu_tbl_start = .
 *(.mmu_tbl)
                0x03804000                __mmu_tbl_end = .

.ARM.exidx      0x038026e4        0x8
                0x038026e4                __exidx_start = .
 *(.ARM.exidx*)
 .ARM.exidx.text._Z17hasPurpleCallbackv
                0x038026e4        0x8 build/src/main.o
 .ARM.exidx.text._Z17hasOrangeCallbackv
                0x038026ec        0x0 build/src/main.o
                                  0x8 (size before relaxing)
 .ARM.exidx.text._Z16hasGreenCallbackv
                0x038026ec        0x0 build/src/main.o
                                  0x8 (size before relaxing)
 .ARM.exidx.text.main
                0x038026ec        0x0 build/src/main.o
                                  0x8 (size before relaxing)
 .ARM.exidx.text._GLOBAL__sub_I_main.cpp
                0x038026ec        0x0 build/src/main.o
                                  0x8 (size before relaxing)
 .ARM.exidx.text._ZN3vex6visionC2IJNS0_9signatureES2_S2_S2_S2_S2_S2_EEElhDpRT_
                0x038026ec        0x0 build/src/robot-config.o
                                  0x8 (size before relaxing)
 .ARM.exidx.text._Z11vexcodeInitv
                0x038026ec        0x0 build/src/robot-config.o
                                  0x8 (size before relaxing)
 .ARM.exidx.text._ZN3vex6vision7_setsigINS0_9signatureEJS2_S2_S2_S2_EEEvRT_DpRT0_
                0x038026ec        0x0 build/src/robot-config.o
                                  0x8 (size before relaxing)
 .ARM.exidx.text._GLOBAL__sub_I_robot_config.cpp
                0x038026ec        0x0 build/src/robot-config.o
                                  0x8 (size before relaxing)
 *(.gnu.linkonce.armexidix.*.*)
                0x038026ec                __exidx_end = .

.rel.dyn        0x038026ec        0x0
 .rel.iplt      0x00000000        0x0 build/src/main.o

.preinit_array  0x038026ec        0x0
                0x038026ec                __preinit_array_start = .
 *(SORT(.preinit_array.*))
 *(.preinit_array)
                0x038026ec                __preinit_array_end = .

.init_array     0x038026ec       0x10
                0x038026ec                __init_array_start = .
 *(SORT(.init_array.*))
 *(.init_array)
 .init_array    0x038026ec        0x4 build/src/main.o
 .init_array    0x038026f0        0x4 build/src/robot-config.o
 .init_array    0x038026f4        0x4 C:\Program Files (x86)\VEX Robotics\VEXcode V5 Text\sdk/vexv5\libv5rt.a(vex_triport.cpp.obj)
 .init_array    0x038026f8        0x4 C:\Program Files (x86)\VEX Robotics\VEXcode V5 Text\sdk/vexv5\libv5rt.a(vex_color.cpp.obj)
                0x038026fc                __init_array_end = .

.fini_array     0x038026fc        0x0
                0x038026fc                __fini_array_start = .
 *(SORT(.fini_array.*))
 *(.fini_array)
                0x038026fc                __fini_array_end = .

.ARM.attributes
                0x038026fc       0x3c
                0x038026fc                __ARM.attributes_start = .
 *(.ARM.attributes)
 .ARM.attributes
                0x038026fc       0x3a build/src/main.o
 .ARM.attributes
                0x03802736       0x3a build/src/robot-config.o
 .ARM.attributes
                0x03802770       0x35 C:\Program Files (x86)\VEX Robotics\VEXcode V5 Text\sdk/vexv5\libv5rt.a(v5_startup.c.obj)
 .ARM.attributes
                0x038027a5       0x35 C:\Program Files (x86)\VEX Robotics\VEXcode V5 Text\sdk/vexv5\libv5rt.a(v5_util.c.obj)
 .ARM.attributes
                0x038027da       0x35 C:\Program Files (x86)\VEX Robotics\VEXcode V5 Text\sdk/vexv5\libv5rt.a(v5_apijump.c.obj)
 .ARM.attributes
                0x0380280f       0x35 C:\Program Files (x86)\VEX Robotics\VEXcode V5 Text\sdk/vexv5\libv5rt.a(v5_apiversions.c.obj)
 .ARM.attributes
                0x03802844       0x35 C:\Program Files (x86)\VEX Robotics\VEXcode V5 Text\sdk/vexv5\libv5rt.a(vex_global.cpp.obj)
 .ARM.attributes
                0x03802879       0x35 C:\Program Files (x86)\VEX Robotics\VEXcode V5 Text\sdk/vexv5\libv5rt.a(vex_vision.cpp.obj)
 .ARM.attributes
                0x038028ae       0x35 C:\Program Files (x86)\VEX Robotics\VEXcode V5 Text\sdk/vexv5\libv5rt.a(vex_thread.cpp.obj)
 .ARM.attributes
                0x038028e3       0x35 C:\Program Files (x86)\VEX Robotics\VEXcode V5 Text\sdk/vexv5\libv5rt.a(vex_event.cpp.obj)
 .ARM.attributes
                0x03802918       0x35 C:\Program Files (x86)\VEX Robotics\VEXcode V5 Text\sdk/vexv5\libv5rt.a(vex_brain.cpp.obj)
 .ARM.attributes
                0x0380294d       0x35 C:\Program Files (x86)\VEX Robotics\VEXcode V5 Text\sdk/vexv5\libv5rt.a(vex_triport.cpp.obj)
 .ARM.attributes
                0x03802982       0x35 C:\Program Files (x86)\VEX Robotics\VEXcode V5 Text\sdk/vexv5\libv5rt.a(vex_color.cpp.obj)
 .ARM.attributes
                0x038029b7       0x35 C:\Program Files (x86)\VEX Robotics\VEXcode V5 Text\sdk/vexv5\libv5rt.a(vex_timer.cpp.obj)
 .ARM.attributes
                0x038029ec       0x35 C:\Program Files (x86)\VEX Robotics\VEXcode V5 Text\sdk/vexv5\libv5rt.a(v5_apiuser.c.obj)
 .ARM.attributes
                0x03802a21       0x35 C:\Program Files (x86)\VEX Robotics\VEXcode V5 Text\sdk/vexv5\libv5rt.a(vex_device.cpp.obj)
 .ARM.attributes
                0x03802a56       0x35 C:\Program Files (x86)\VEX Robotics\VEXcode V5 Text\sdk/vexv5\libv5rt.a(vex_mevent.cpp.obj)
 .ARM.attributes
                0x03802a8b       0x2b C:\Program Files (x86)\VEX Robotics\VEXcode V5 Text\sdk/vexv5/gcc/libs\libc.a(lib_a-fini.o)
 .ARM.attributes
                0x03802ab6       0x2b C:\Program Files (x86)\VEX Robotics\VEXcode V5 Text\sdk/vexv5/gcc/libs\libc.a(lib_a-impure.o)
 .ARM.attributes
                0x03802ae1       0x2b C:\Program Files (x86)\VEX Robotics\VEXcode V5 Text\sdk/vexv5/gcc/libs\libc.a(lib_a-init.o)
                0x03802b0c                __ARM.attributes_end = .

.sdata          0x038026fc        0x0
                0x038026fc                __sdata_start = .
 *(.sdata)
 *(.sdata.*)
 *(.gnu.linkonce.s.*)
                0x038026fc                __sdata_end = .

.sbss           0x038026fc        0x0
                0x038026fc                __sbss_start = .
 *(.sbss)
 *(.sbss.*)
 *(.gnu.linkonce.sb.*)
                0x038026fc                __sbss_end = .

.tdata          0x038026fc        0x0
                0x038026fc                __tdata_start = .
 *(.tdata)
 *(.tdata.*)
 *(.gnu.linkonce.td.*)
                0x038026fc                __tdata_end = .

.tbss           0x038026fc        0x0
                0x038026fc                __tbss_start = .
 *(.tbss)
 *(.tbss.*)
 *(.gnu.linkonce.tb.*)
                0x038026fc                __tbss_end = .

.bss            0x03802700      0xc2c
                0x03802700                __bss_start = .
 *(.bss)
 *(.bss.*)
 .bss.checkRed  0x03802700        0x8 build/src/main.o
                0x03802700                checkRed
 .bss.checkBlue
                0x03802708        0x8 build/src/main.o
                0x03802708                checkBlue
 .bss.checkGreen
                0x03802710        0x8 build/src/main.o
                0x03802710                checkGreen
 .bss.Brain     0x03802718      0x2dc build/src/robot-config.o
                0x03802718                Brain
 .bss.Vision__ORANGE_CUBE
                0x038029f4       0x50 build/src/robot-config.o
                0x038029f4                Vision__ORANGE_CUBE
 .bss.Vision__GREEN_CUBE
                0x03802a44       0x50 build/src/robot-config.o
                0x03802a44                Vision__GREEN_CUBE
 .bss.Vision__PURPLE_CUBE
                0x03802a94       0x50 build/src/robot-config.o
                0x03802a94                Vision__PURPLE_CUBE
 .bss.Vision__SIG_4
                0x03802ae4       0x50 build/src/robot-config.o
                0x03802ae4                Vision__SIG_4
 .bss.Vision__SIG_5
                0x03802b34       0x50 build/src/robot-config.o
                0x03802b34                Vision__SIG_5
 .bss.Vision__SIG_6
                0x03802b84       0x50 build/src/robot-config.o
                0x03802b84                Vision__SIG_6
 .bss.Vision__SIG_7
                0x03802bd4       0x50 build/src/robot-config.o
                0x03802bd4                Vision__SIG_7
 *fill*         0x03802c24        0x4 
 .bss.Vision    0x03802c28      0x690 build/src/robot-config.o
                0x03802c28                Vision
 .bss.__dso_handle
                0x038032b8        0x4 C:\Program Files (x86)\VEX Robotics\VEXcode V5 Text\sdk/vexv5\libv5rt.a(v5_startup.c.obj)
                0x038032b8                __dso_handle
 .bss._ZN3vex7secondsE
                0x038032bc        0x4 C:\Program Files (x86)\VEX Robotics\VEXcode V5 Text\sdk/vexv5\libv5rt.a(vex_global.cpp.obj)
                0x038032bc                vex::seconds
 .bss._ZStL8__ioinit
                0x038032c0        0x1 C:\Program Files (x86)\VEX Robotics\VEXcode V5 Text\sdk/vexv5\libv5rt.a(vex_triport.cpp.obj)
 *fill*         0x038032c1        0x3 
 .bss._ZN3vex5color6orangeE
                0x038032c4        0x8 C:\Program Files (x86)\VEX Robotics\VEXcode V5 Text\sdk/vexv5\libv5rt.a(vex_color.cpp.obj)
                0x038032c4                vex::color::orange
 .bss._ZN3vex5color5blackE
                0x038032cc        0x8 C:\Program Files (x86)\VEX Robotics\VEXcode V5 Text\sdk/vexv5\libv5rt.a(vex_color.cpp.obj)
                0x038032cc                vex::color::black
 .bss._ZN3vex5color6yellowE
                0x038032d4        0x8 C:\Program Files (x86)\VEX Robotics\VEXcode V5 Text\sdk/vexv5\libv5rt.a(vex_color.cpp.obj)
                0x038032d4                vex::color::yellow
 .bss._ZN3vex5color5greenE
                0x038032dc        0x8 C:\Program Files (x86)\VEX Robotics\VEXcode V5 Text\sdk/vexv5\libv5rt.a(vex_color.cpp.obj)
                0x038032dc                vex::color::green
 .bss._ZN3vex5color6purpleE
                0x038032e4        0x8 C:\Program Files (x86)\VEX Robotics\VEXcode V5 Text\sdk/vexv5\libv5rt.a(vex_color.cpp.obj)
                0x038032e4                vex::color::purple
 .bss._ZN3vex5color4cyanE
                0x038032ec        0x8 C:\Program Files (x86)\VEX Robotics\VEXcode V5 Text\sdk/vexv5\libv5rt.a(vex_color.cpp.obj)
                0x038032ec                vex::color::cyan
 .bss._ZN3vex5color4blueE
                0x038032f4        0x8 C:\Program Files (x86)\VEX Robotics\VEXcode V5 Text\sdk/vexv5\libv5rt.a(vex_color.cpp.obj)
                0x038032f4                vex::color::blue
 .bss._ZN3vex5color3redE
                0x038032fc        0x8 C:\Program Files (x86)\VEX Robotics\VEXcode V5 Text\sdk/vexv5\libv5rt.a(vex_color.cpp.obj)
                0x038032fc                vex::color::red
 .bss._ZN3vex5color11transparentE
                0x03803304        0x8 C:\Program Files (x86)\VEX Robotics\VEXcode V5 Text\sdk/vexv5\libv5rt.a(vex_color.cpp.obj)
                0x03803304                vex::color::transparent
 .bss._ZN3vex5color5whiteE
                0x0380330c        0x8 C:\Program Files (x86)\VEX Robotics\VEXcode V5 Text\sdk/vexv5\libv5rt.a(vex_color.cpp.obj)
                0x0380330c                vex::color::white
 *(.gnu.linkonce.b.*)
 *(COMMON)
 COMMON         0x03803314       0x18 C:\Program Files (x86)\VEX Robotics\VEXcode V5 Text\sdk/vexv5\libv5rt.a(v5_startup.c.obj)
                0x03803318                __vex_critical_section
                0x0380332c                __bss_end = .
                0x038026fc                _SDA_BASE_ = (__sdata_start + ((__sbss_end - __sdata_start) / 0x2))
                0x038022a4                _SDA2_BASE_ = (__sdata2_start + ((__sbss2_end - __sdata2_start) / 0x2))

.heap           0x0380332c   0x100004
                0x03803330                . = ALIGN (0x10)
 *fill*         0x0380332c        0x4 
                0x03803330                _heap = .
                0x03803330                HeapBase = .
                0x03803330                _heap_start = .
                0x03903330                . = (. + _HEAP_SIZE)
 *fill*         0x03803330   0x100000 
                0x03903330                _heap_end = .
                0x03903330                HeapLimit = .

.stack          0x03903330     0x3800
                0x03903330                . = ALIGN (0x10)
                0x03903330                _stack_end = .
                0x03905330                . = (. + _STACK_SIZE)
 *fill*         0x03903330     0x2000 
                0x03905330                . = ALIGN (0x10)
                0x03905330                _stack = .
                0x03905330                __stack = _stack
                0x03905330                . = ALIGN (0x10)
                0x03905330                _irq_stack_end = .
                0x03905730                . = (. + _IRQ_STACK_SIZE)
 *fill*         0x03905330      0x400 
                0x03905730                . = ALIGN (0x10)
                0x03905730                __irq_stack = .
                0x03905730                _supervisor_stack_end = .
                0x03905f30                . = (. + _SUPERVISOR_STACK_SIZE)
 *fill*         0x03905730      0x800 
                0x03905f30                . = ALIGN (0x10)
                0x03905f30                __supervisor_stack = .
                0x03905f30                _abort_stack_end = .
                0x03906330                . = (. + _ABORT_STACK_SIZE)
 *fill*         0x03905f30      0x400 
                0x03906330                . = ALIGN (0x10)
                0x03906330                __abort_stack = .
                0x03906330                _fiq_stack_end = .
                0x03906730                . = (. + _FIQ_STACK_SIZE)
 *fill*         0x03906330      0x400 
                0x03906730                . = ALIGN (0x10)
                0x03906730                __fiq_stack = .
                0x03906730                _undef_stack_end = .
                0x03906b30                . = (. + _UNDEF_STACK_SIZE)
 *fill*         0x03906730      0x400 
                0x03906b30                . = ALIGN (0x10)
                0x03906b30                __undef_stack = .
                0x03906b30                _end = .
LOAD C:\Program Files (x86)\VEX Robotics\VEXcode V5 Text\sdk/vexv5/stdlib_0.lib
LOAD build/src/main.o
LOAD build/src/robot-config.o
START GROUP
LOAD C:\Program Files (x86)\VEX Robotics\VEXcode V5 Text\sdk/vexv5\libv5rt.a
LOAD C:\Program Files (x86)\VEX Robotics\VEXcode V5 Text\sdk/vexv5/gcc/libs\libstdc++.a
LOAD C:\Program Files (x86)\VEX Robotics\VEXcode V5 Text\sdk/vexv5/gcc/libs\libc.a
LOAD C:\Program Files (x86)\VEX Robotics\VEXcode V5 Text\sdk/vexv5/gcc/libs\libm.a
LOAD C:\Program Files (x86)\VEX Robotics\VEXcode V5 Text\sdk/vexv5/gcc/libs\libgcc.a
END GROUP
OUTPUT(build/Vision_Testing.elf elf32-littlearm)

.comment        0x00000000       0x9d
 .comment       0x00000000       0x2d build/src/main.o
                                 0x2e (size before relaxing)
 .comment       0x00000000       0x2e build/src/robot-config.o
 .comment       0x0000002d       0x70 C:\Program Files (x86)\VEX Robotics\VEXcode V5 Text\sdk/vexv5\libv5rt.a(v5_startup.c.obj)
                                 0x71 (size before relaxing)
 .comment       0x00000000       0x71 C:\Program Files (x86)\VEX Robotics\VEXcode V5 Text\sdk/vexv5\libv5rt.a(v5_util.c.obj)
 .comment       0x00000000       0x71 C:\Program Files (x86)\VEX Robotics\VEXcode V5 Text\sdk/vexv5\libv5rt.a(v5_apijump.c.obj)
 .comment       0x00000000       0x71 C:\Program Files (x86)\VEX Robotics\VEXcode V5 Text\sdk/vexv5\libv5rt.a(v5_apiversions.c.obj)
 .comment       0x00000000       0x71 C:\Program Files (x86)\VEX Robotics\VEXcode V5 Text\sdk/vexv5\libv5rt.a(vex_global.cpp.obj)
 .comment       0x00000000       0x71 C:\Program Files (x86)\VEX Robotics\VEXcode V5 Text\sdk/vexv5\libv5rt.a(vex_vision.cpp.obj)
 .comment       0x00000000       0x71 C:\Program Files (x86)\VEX Robotics\VEXcode V5 Text\sdk/vexv5\libv5rt.a(vex_thread.cpp.obj)
 .comment       0x00000000       0x71 C:\Program Files (x86)\VEX Robotics\VEXcode V5 Text\sdk/vexv5\libv5rt.a(vex_event.cpp.obj)
 .comment       0x00000000       0x71 C:\Program Files (x86)\VEX Robotics\VEXcode V5 Text\sdk/vexv5\libv5rt.a(vex_brain.cpp.obj)
 .comment       0x00000000       0x71 C:\Program Files (x86)\VEX Robotics\VEXcode V5 Text\sdk/vexv5\libv5rt.a(vex_triport.cpp.obj)
 .comment       0x00000000       0x71 C:\Program Files (x86)\VEX Robotics\VEXcode V5 Text\sdk/vexv5\libv5rt.a(vex_color.cpp.obj)
 .comment       0x00000000       0x71 C:\Program Files (x86)\VEX Robotics\VEXcode V5 Text\sdk/vexv5\libv5rt.a(vex_timer.cpp.obj)
 .comment       0x00000000       0x71 C:\Program Files (x86)\VEX Robotics\VEXcode V5 Text\sdk/vexv5\libv5rt.a(v5_apiuser.c.obj)
 .comment       0x00000000       0x71 C:\Program Files (x86)\VEX Robotics\VEXcode V5 Text\sdk/vexv5\libv5rt.a(vex_device.cpp.obj)
 .comment       0x00000000       0x71 C:\Program Files (x86)\VEX Robotics\VEXcode V5 Text\sdk/vexv5\libv5rt.a(vex_mevent.cpp.obj)

.note.GNU-stack
                0x00000000        0x0
 .note.GNU-stack
                0x00000000        0x0 build/src/main.o
 .note.GNU-stack
                0x00000000        0x0 build/src/robot-config.o

.debug_frame    0x00000000       0x60
 .debug_frame   0x00000000       0x34 C:\Program Files (x86)\VEX Robotics\VEXcode V5 Text\sdk/vexv5/gcc/libs\libc.a(lib_a-fini.o)
 .debug_frame   0x00000034       0x2c C:\Program Files (x86)\VEX Robotics\VEXcode V5 Text\sdk/vexv5/gcc/libs\libc.a(lib_a-init.o)
